Removed Pin From Net: NetName=NetR?_1 Pin=R?-1
Add component: Footprint Not Found LED_HDSP-523G
Add component: Footprint Not Found SW_TL1105SPF160Q1RBLK
Add component: Footprint Not Found SOIC20_300MIL_MCH
Add Pin To Net: Unknown Pin: Pin D1-1
Add Pin To Net: Unknown Pin: Pin D1-2
Add Pin To Net: Unknown Pin: Pin D1-3
Add Pin To Net: Unknown Pin: Pin D1-5
Add Pin To Net: Unknown Pin: Pin D1-6
Add Pin To Net: Unknown Pin: Pin D1-7
Add Pin To Net: Unknown Pin: Pin D1-8
Add Pin To Net: Unknown Pin: Pin D1-9
Add Pin To Net: Unknown Pin: Pin D1-10
Add Pin To Net: Unknown Pin: Pin D1-11
Add Pin To Net: Unknown Pin: Pin D1-12
Add Pin To Net: Unknown Pin: Pin D1-14
Add Pin To Net: Unknown Pin: Pin D1-15
Add Pin To Net: Unknown Pin: Pin D1-16
Add Pin To Net: Unknown Pin: Pin D1-17
Add Pin To Net: Unknown Pin: Pin D1-18
Added Pin To Net: NetName=NetR?_1 Pin=R?-1
Add Pin To Net: Unknown Pin: Pin S1-2
Add Pin To Net: Unknown Pin: Pin S1-3
Add Pin To Net: Unknown Pin: Pin S1-4
Add Pin To Net: Unknown Pin: Pin U1-1
Add Pin To Net: Unknown Pin: Pin U1-9
Add Pin To Net: Unknown Pin: Pin U1-16
Add Pin To Net: Unknown Pin: Pin U1-17
Add Pin To Net: Unknown Pin: Pin U1-18
Add Pin To Net: Unknown Pin: Pin U1-20
Add Net: Net with name "NetC?_1" already exists
Add Net: Net with name "NetC?_1" already exists
Add Net: Net with name "NetQ?_2" already exists
Add Net: Net with name "NetR?_1" already exists
Add Net: Net with name "NetR?_1" already exists
Add Net: Net with name "NetR?_1" already exists
Add Net: Net with name "NetR?_1" already exists
Add Net: Net with name "NetR?_1" already exists
Add Net: Net with name "NetR?_1" already exists
Add Net: Net with name "NetR?_1" already exists
Add Net: Net with name "NetR?_1" already exists
Added Member To Class: ClassName=RepCounter Member=Component C? C320C104M5U5TA
Added Member To Class: ClassName=RepCounter Member=Component C? C320C104M5U5TA
Added Member To Class: ClassName=RepCounter Member=Component C? C320C104M5U5TA
Added Member To Class: ClassName=RepCounter Member=Component C? C320C104M5U5TA
Add Class Member: Failed to add class member : Component D1 HDSP-523G
Added Member To Class: ClassName=RepCounter Member=Component Q? PN2222ABU
Added Member To Class: ClassName=RepCounter Member=Component R? 1KR2J
Added Member To Class: ClassName=RepCounter Member=Component R? MFR-25FBF52-475R
Added Member To Class: ClassName=RepCounter Member=Component R? MFR-25FBF52-475R
Added Member To Class: ClassName=RepCounter Member=Component R? MFR-25FBF52-475R
Added Member To Class: ClassName=RepCounter Member=Component R? MFR-25FBF52-475R
Added Member To Class: ClassName=RepCounter Member=Component R? MFR-25FBF52-475R
Added Member To Class: ClassName=RepCounter Member=Component R? MFR-25FBF52-475R
Added Member To Class: ClassName=RepCounter Member=Component R? MFR-25FBF52-475R
Add Class Member: Failed to add class member : Component S1 TL1105SPF160Q1RBLK
Add Class Member: Failed to add class member : Component U1 ATTINY1616-SN
