Removed Pin From Net: NetName=NetQ?_3 Pin=Q?-3
Removed Pin From Net: NetName=NetR2_1 Pin=R2-1
Add component: Footprint Not Found LED_HDSP-523G
Add component: Footprint Not Found SW_TL1105SPF160Q1RBLK
Add component: Footprint Not Found SOIC20_300MIL_MCH
Add Pin To Net: Unknown Pin: Pin D1-1
Add Pin To Net: Unknown Pin: Pin D1-2
Add Pin To Net: Unknown Pin: Pin D1-3
Add Pin To Net: Unknown Pin: Pin D1-5
Add Pin To Net: Unknown Pin: Pin D1-6
Add Pin To Net: Unknown Pin: Pin D1-7
Add Pin To Net: Unknown Pin: Pin D1-8
Add Pin To Net: Unknown Pin: Pin D1-10
Add Pin To Net: Unknown Pin: Pin D1-11
Add Pin To Net: Unknown Pin: Pin D1-12
Add Pin To Net: Unknown Pin: Pin D1-13
Add Pin To Net: Unknown Pin: Pin D1-14
Add Pin To Net: Unknown Pin: Pin D1-15
Add Pin To Net: Unknown Pin: Pin D1-16
Add Pin To Net: Unknown Pin: Pin D1-17
Add Pin To Net: Unknown Pin: Pin D1-18
Added Pin To Net: NetName=NetQ?_3 Pin=Q?-3
Added Pin To Net: NetName=NetR2_1 Pin=R2-1
Add Pin To Net: Unknown Pin: Pin S1-2
Add Pin To Net: Unknown Pin: Pin S1-4
Add Pin To Net: Unknown Pin: Pin U1-3
Add Pin To Net: Unknown Pin: Pin U1-4
Add Pin To Net: Unknown Pin: Pin U1-5
Add Pin To Net: Unknown Pin: Pin U1-9
Add Pin To Net: Unknown Pin: Pin U1-10
Add Pin To Net: Unknown Pin: Pin U1-11
Add Pin To Net: Unknown Pin: Pin U1-16
Add Pin To Net: Unknown Pin: Pin U1-17
Add Pin To Net: Unknown Pin: Pin U1-18
Add Pin To Net: Unknown Pin: Pin U1-19
Add Pin To Net: Unknown Pin: Pin U1-20
Add Net: Net with name "NetC?_1" already exists
Add Net: Net with name "NetC?_1" already exists
Add Net: Net with name "NetC?_1" already exists
Add Net: Net with name "NetQ?_2" already exists
Add Net: Net with name "NetQ?_3" already exists
Add Net: Net with name "NetR2_1" already exists
Added Member To Class: ClassName=RepCounter Member=Component C? Capacitor 0.1 uF +/- 5% 16 V 0402
Added Member To Class: ClassName=RepCounter Member=Component C? Capacitor 0.1 uF +/- 5% 16 V 0402
Added Member To Class: ClassName=RepCounter Member=Component C? Capacitor 0.1 uF +/- 5% 16 V 0402
Added Member To Class: ClassName=RepCounter Member=Component C? Capacitor 0.1 uF +/- 5% 16 V 0402
Add Class Member: Failed to add class member : Component D1 HDSP-523G
Added Member To Class: ClassName=RepCounter Member=Component Q? PN2222ABU
Added Member To Class: ClassName=RepCounter Member=Component R2 330R2J
Added Member To Class: ClassName=RepCounter Member=Component R? 1KR2J
Add Class Member: Failed to add class member : Component S1 TL1105SPF160Q1RBLK
Add Class Member: Failed to add class member : Component U1 ATTINY1616-SN
