Change Component Footprint: Designator=Q1 Old Footprint=Copy of FAIR-TO-92 New Footprint=TO92
Change Component Footprint: Designator=Q2 Old Footprint=Copy of FAIR-TO-92 New Footprint=TO92
Change Component Comment : Designator=Q1 Old Comment=PN2222ABU New Comment=P2N2222A
Change Component Comment : Designator=Q2 Old Comment=PN2222ABU New Comment=P2N2222A
Change Component Designator: OldDesignator=Prog NewDesignator=Programmer
Change Managed Component Library Link : Designator=Q1 Old VaultGUID=43D47C76-E280-4ED1-B742-6076052723C0 New VaultGUID= Old ItemGUID=39B99953-939D-4B6E-A713-E3CD091E699B New ItemGUID= Old RevisionGUID=d66e5ccd-2cf6-428a-9fe7-ee62b3eba205 New RevisionGUID=
Change Managed Component Library Link : Designator=Q2 Old VaultGUID=43D47C76-E280-4ED1-B742-6076052723C0 New VaultGUID= Old ItemGUID=39B99953-939D-4B6E-A713-E3CD091E699B New ItemGUID= Old RevisionGUID=d66e5ccd-2cf6-428a-9fe7-ee62b3eba205 New RevisionGUID=
Change component parameters: Designator = "Q1" ("Q1"); Footprint = "Copy of FAIR-TO-92"; UniqueID = "\CBEMHEFT" ("\CBEMHEFT")
Change component parameters (AddParameter): Name = "Availability"; Value = "Unavailable"; VariantName = "[No Variations]"
Change component parameters (AddParameter): Name = "MF"; Value = ""; VariantName = "[No Variations]"
Change component parameters (AddParameter): Name = "MP"; Value = "P2N2222A"; VariantName = "[No Variations]"
Change component parameters (AddParameter): Name = "Package"; Value = "None"; VariantName = "[No Variations]"
Change component parameters (AddParameter): Name = "Price"; Value = "None"; VariantName = "[No Variations]"
Change component parameters (AddParameter): Name = "Value"; Value = ""; VariantName = "[No Variations]"
Change component parameters: Designator = "Q2" ("Q2"); Footprint = "Copy of FAIR-TO-92"; UniqueID = "\ZESTYNGB" ("\ZESTYNGB")
Change component parameters (AddParameter): Name = "Availability"; Value = "Unavailable"; VariantName = "[No Variations]"
Change component parameters (AddParameter): Name = "MF"; Value = ""; VariantName = "[No Variations]"
Change component parameters (AddParameter): Name = "MP"; Value = "P2N2222A"; VariantName = "[No Variations]"
Change component parameters (AddParameter): Name = "Package"; Value = "None"; VariantName = "[No Variations]"
Change component parameters (AddParameter): Name = "Price"; Value = "None"; VariantName = "[No Variations]"
Change component parameters (AddParameter): Name = "Value"; Value = ""; VariantName = "[No Variations]"
