Removed Pin From Net: NetName=NetR?_1 Pin=R?-1
Removed Pin From Net: NetName=NetQ?_2 Pin=R?-2
Change Component Footprint: Designator=R? Old Footprint=RESC0402(1005)_L New Footprint=RESA60-630X240
Change Component Footprint: Designator=R? Old Footprint=RESC0402(1005)_L New Footprint=RESA60-630X240
Change Component Comment : Designator=R? Old Comment=1KR2J New Comment=MFR-25FBF52-1K
Change Component Comment : Designator=R? Old Comment=1KR2J New Comment=MFR-25FBF52-1K
Change Managed Component Library Link : Designator=R? Old VaultGUID=43D47C76-E280-4ED1-B742-6076052723C0 New VaultGUID=43D47C76-E280-4ED1-B742-6076052723C0 Old ItemGUID=D3E26345-0FEF-45E9-924F-A80A0AA5FFAE New ItemGUID=7A51B95A-BD27-41E7-8751-F448A85449E5 Old RevisionGUID=5FC1CE4E-956A-46EB-A383-ECA92E13323E New RevisionGUID=6886ACD5-FAD2-4782-84CE-6DF64E181A45
Change Managed Component Library Link : Designator=R? Old VaultGUID=43D47C76-E280-4ED1-B742-6076052723C0 New VaultGUID=43D47C76-E280-4ED1-B742-6076052723C0 Old ItemGUID=D3E26345-0FEF-45E9-924F-A80A0AA5FFAE New ItemGUID=7A51B95A-BD27-41E7-8751-F448A85449E5 Old RevisionGUID=5FC1CE4E-956A-46EB-A383-ECA92E13323E New RevisionGUID=6886ACD5-FAD2-4782-84CE-6DF64E181A45
Change component parameters: Designator = "R?" ("R?"); Footprint = "RESC0402(1005)_L"; UniqueID = "\FKNLTKEC" ("\FKNLTKEC")
Change component parameters (AddParameter): Name = "Case/Package"; Value = "Axial"; VariantName = "[No Variations]"
Change component parameters (AddParameter): Name = "Composition"; Value = "CarbonFilm"; VariantName = "[No Variations]"
Change component parameters (AddParameter): Name = "Datasheet URL"; Value = "http://www.yageo.com/documents/recent/Yageo%20LR_MFR_2013.pdf"; VariantName = "[No Variations]"
Change component parameters (AddParameter): Name = "Datasheet Version"; Value = "Apr-13"; VariantName = "[No Variations]"
Change component parameters (AddParameter): Name = "Manufacturer"; Value = "Yageo"; VariantName = "[No Variations]"
Change component parameters (AddParameter): Name = "Manufacturer URL"; Value = "http://www.yageo.com/"; VariantName = "[No Variations]"
Change component parameters (AddParameter): Name = "Max Operating Temperature"; Value = "155°C"; VariantName = "[No Variations]"
Change component parameters (AddParameter): Name = "Min Operating Temperature"; Value = "-55°C"; VariantName = "[No Variations]"
Change component parameters (AddParameter): Name = "Mounting Technology"; Value = "TH"; VariantName = "[No Variations]"
Change component parameters (AddParameter): Name = "Package Description"; Value = "2-Pin Axial Lead, Dia 2.4 mm, Body Length 6.3 mm"; VariantName = "[No Variations]"
Change component parameters (AddParameter): Name = "Package Quantity"; Value = "200"; VariantName = "[No Variations]"
Change component parameters (AddParameter): Name = "Package Reference"; Value = "MFR-25"; VariantName = "[No Variations]"
Change component parameters (AddParameter): Name = "Packaging"; Value = "Bulk"; VariantName = "[No Variations]"
Change component parameters (AddParameter): Name = "Pins"; Value = ""; VariantName = "[No Variations]"
Change component parameters (AddParameter): Name = "Power"; Value = "250mW"; VariantName = "[No Variations]"
Change component parameters (AddParameter): Name = "RoHS Compliant"; Value = "True"; VariantName = "[No Variations]"
Change component parameters (AddParameter): Name = "Tolerance"; Value = "1%"; VariantName = "[No Variations]"
Change component parameters (AddParameter): Name = "Value"; Value = "1k"; VariantName = "[No Variations]"
Change component parameters (AddParameter): Name = "Voltage Rating"; Value = "250V"; VariantName = "[No Variations]"
Change component parameters: Designator = "R?" ("R?"); Footprint = "RESC0402(1005)_L"; UniqueID = "\NZPGPOTP" ("\NZPGPOTP")
Change component parameters (AddParameter): Name = "Case/Package"; Value = "Axial"; VariantName = "[No Variations]"
Change component parameters (AddParameter): Name = "Composition"; Value = "CarbonFilm"; VariantName = "[No Variations]"
Change component parameters (AddParameter): Name = "Datasheet URL"; Value = "http://www.yageo.com/documents/recent/Yageo%20LR_MFR_2013.pdf"; VariantName = "[No Variations]"
Change component parameters (AddParameter): Name = "Datasheet Version"; Value = "Apr-13"; VariantName = "[No Variations]"
Change component parameters (AddParameter): Name = "Manufacturer"; Value = "Yageo"; VariantName = "[No Variations]"
Change component parameters (AddParameter): Name = "Manufacturer URL"; Value = "http://www.yageo.com/"; VariantName = "[No Variations]"
Change component parameters (AddParameter): Name = "Max Operating Temperature"; Value = "155°C"; VariantName = "[No Variations]"
Change component parameters (AddParameter): Name = "Min Operating Temperature"; Value = "-55°C"; VariantName = "[No Variations]"
Change component parameters (AddParameter): Name = "Mounting Technology"; Value = "TH"; VariantName = "[No Variations]"
Change component parameters (AddParameter): Name = "Package Description"; Value = "2-Pin Axial Lead, Dia 2.4 mm, Body Length 6.3 mm"; VariantName = "[No Variations]"
Change component parameters (AddParameter): Name = "Package Quantity"; Value = "200"; VariantName = "[No Variations]"
Change component parameters (AddParameter): Name = "Package Reference"; Value = "MFR-25"; VariantName = "[No Variations]"
Change component parameters (AddParameter): Name = "Packaging"; Value = "Bulk"; VariantName = "[No Variations]"
Change component parameters (AddParameter): Name = "Pins"; Value = ""; VariantName = "[No Variations]"
Change component parameters (AddParameter): Name = "Power"; Value = "250mW"; VariantName = "[No Variations]"
Change component parameters (AddParameter): Name = "RoHS Compliant"; Value = "True"; VariantName = "[No Variations]"
Change component parameters (AddParameter): Name = "Tolerance"; Value = "1%"; VariantName = "[No Variations]"
Change component parameters (AddParameter): Name = "Value"; Value = "1k"; VariantName = "[No Variations]"
Change component parameters (AddParameter): Name = "Voltage Rating"; Value = "250V"; VariantName = "[No Variations]"
Add component: Footprint Not Found LED_HDSP-523G
Add component: Footprint Not Found SW_TL1105SPF160Q1RBLK
Add Pin To Net: Unknown Pin: Pin D1-1
Add Pin To Net: Unknown Pin: Pin D1-2
Add Pin To Net: Unknown Pin: Pin D1-3
Add Pin To Net: Unknown Pin: Pin D1-5
Add Pin To Net: Unknown Pin: Pin D1-6
Add Pin To Net: Unknown Pin: Pin D1-7
Add Pin To Net: Unknown Pin: Pin D1-8
Add Pin To Net: Unknown Pin: Pin D1-9
Add Pin To Net: Unknown Pin: Pin D1-10
Add Pin To Net: Unknown Pin: Pin D1-11
Add Pin To Net: Unknown Pin: Pin D1-12
Add Pin To Net: Unknown Pin: Pin D1-14
Add Pin To Net: Unknown Pin: Pin D1-15
Add Pin To Net: Unknown Pin: Pin D1-16
Add Pin To Net: Unknown Pin: Pin D1-17
Add Pin To Net: Unknown Pin: Pin D1-18
Added Pin To Net: NetName=NetR?_1 Pin=R?-1
Added Pin To Net: NetName=NetQ?_2 Pin=R?-2
Add Pin To Net: Unknown Pin: Pin S1-2
Add Pin To Net: Unknown Pin: Pin S1-3
Add Pin To Net: Unknown Pin: Pin S1-4
Add Net: Net with name "NetC?_1" already exists
Add Net: Net with name "NetC?_1" already exists
Add Net: Net with name "NetQ?_2" already exists
Add Net: Net with name "NetR?_1" already exists
Add Net: Net with name "NetR?_1" already exists
Add Net: Net with name "NetR?_1" already exists
Add Net: Net with name "NetR?_1" already exists
Add Net: Net with name "NetR?_1" already exists
Add Net: Net with name "NetR?_1" already exists
Add Net: Net with name "NetR?_1" already exists
Add Net: Net with name "NetR?_1" already exists
Added Member To Class: ClassName=RepCounter Member=Component C? C320C104M5U5TA
Added Member To Class: ClassName=RepCounter Member=Component C? C320C104M5U5TA
Added Member To Class: ClassName=RepCounter Member=Component C? C320C104M5U5TA
Add Class Member: Failed to add class member : Component D1 HDSP-523G
Added Member To Class: ClassName=RepCounter Member=Component Q? PN2222ABU
Added Member To Class: ClassName=RepCounter Member=Component R? MFR-25FBF52-1K
Added Member To Class: ClassName=RepCounter Member=Component R? MFR-25FBF52-1K
Added Member To Class: ClassName=RepCounter Member=Component R? MFR-25FBF52-475R
Added Member To Class: ClassName=RepCounter Member=Component R? MFR-25FBF52-475R
Added Member To Class: ClassName=RepCounter Member=Component R? MFR-25FBF52-475R
Added Member To Class: ClassName=RepCounter Member=Component R? MFR-25FBF52-475R
Added Member To Class: ClassName=RepCounter Member=Component R? MFR-25FBF52-475R
Added Member To Class: ClassName=RepCounter Member=Component R? MFR-25FBF52-475R
Add Class Member: Failed to add class member : Component S1 TL1105SPF160Q1RBLK
