Removed Pin From Net: NetName=NetC?_1 Pin=C?-1
Removed Pin From Net: NetName=GND Pin=C?-2
Removed Pin From Net: NetName=GND Pin=C?-2
Removed Pin From Net: NetName=NetC?_1 Pin=Hall-1
Removed Pin From Net: NetName=NetD1_3 Pin=R1-2
Removed Pin From Net: NetName=NetD1_2 Pin=R2-2
Remove Pin from Net: Failed to remove Pin
Removed Pin From Net: NetName=NetD1_1 Pin=R3-2
Removed Pin From Net: NetName=NetD1_12 Pin=R4-2
Removed Pin From Net: NetName=NetD1_7 Pin=R5-2
Removed Pin From Net: NetName=NetD1_14 Pin=R?-1
Removed Member From Class: ClassName=RepCounter Member=330
Removed Member From Class: ClassName=RepCounter Member=R1
Removed Member From Class: ClassName=RepCounter Member=R2
Removed Member From Class: ClassName=RepCounter Member=R3
Removed Member From Class: ClassName=RepCounter Member=R4
Removed Member From Class: ClassName=RepCounter Member=R5
Change Component Footprint: Designator=C? Old Footprint=CAPC1005X56X25LL10T15 New Footprint=C320C
Change Component Footprint: Designator=C? Old Footprint=CAPC1005X56X25LL10T15 New Footprint=C320C
Change Component Footprint: Designator=C? Old Footprint=CAPC1005X56X25LL10T15 New Footprint=C320C
Change Component Footprint: Designator=C? Old Footprint=CAPC1005X56X25LL10T15 New Footprint=C320C
Change Component Comment : Designator=C? Old Comment=Capacitor 0.1 uF +/- 5% 16 V 0402 New Comment=C320C104M5U5TA
Change Component Comment : Designator=C? Old Comment=Capacitor 0.1 uF +/- 5% 16 V 0402 New Comment=C320C104M5U5TA
Change Component Comment : Designator=C? Old Comment=Capacitor 0.1 uF +/- 5% 16 V 0402 New Comment=C320C104M5U5TA
Change Component Comment : Designator=C? Old Comment=Capacitor 0.1 uF +/- 5% 16 V 0402 New Comment=C320C104M5U5TA
Change Managed Component Library Link : Designator=C? Old VaultGUID=43D47C76-E280-4ED1-B742-6076052723C0 New VaultGUID= Old ItemGUID=0B217814-95BD-4253-BCE6-55E17283B302 New ItemGUID= Old RevisionGUID=C397FBA2-F5A5-4185-8F5C-EFDB85B0B120 New RevisionGUID=
Change Managed Component Library Link : Designator=C? Old VaultGUID=43D47C76-E280-4ED1-B742-6076052723C0 New VaultGUID= Old ItemGUID=0B217814-95BD-4253-BCE6-55E17283B302 New ItemGUID= Old RevisionGUID=C397FBA2-F5A5-4185-8F5C-EFDB85B0B120 New RevisionGUID=
Change Managed Component Library Link : Designator=C? Old VaultGUID=43D47C76-E280-4ED1-B742-6076052723C0 New VaultGUID= Old ItemGUID=0B217814-95BD-4253-BCE6-55E17283B302 New ItemGUID= Old RevisionGUID=C397FBA2-F5A5-4185-8F5C-EFDB85B0B120 New RevisionGUID=
Change Managed Component Library Link : Designator=C? Old VaultGUID=43D47C76-E280-4ED1-B742-6076052723C0 New VaultGUID= Old ItemGUID=0B217814-95BD-4253-BCE6-55E17283B302 New ItemGUID= Old RevisionGUID=C397FBA2-F5A5-4185-8F5C-EFDB85B0B120 New RevisionGUID=
Change component parameters: Designator = "C?" ("C?"); Footprint = "CAPC1005X56X25LL10T15"; UniqueID = "\BCJEMDWR" ("\BCJEMDWR")
Change component parameters (AddParameter): Name = "Check_prices"; Value = "https://www.snapeda.com/parts/C320C104M5U5TA/KEMET/view-part/?ref=eda"; VariantName = "[No Variations]"
Change component parameters (AddParameter): Name = "MF"; Value = "KEMET"; VariantName = "[No Variations]"
Change component parameters (AddParameter): Name = "MP"; Value = "C320C104M5U5TA"; VariantName = "[No Variations]"
Change component parameters (AddParameter): Name = "Package"; Value = "Radial KEMET"; VariantName = "[No Variations]"
Change component parameters (AddParameter): Name = "SnapEDA_Link"; Value = "https://www.snapeda.com/parts/C320C104M5U5TA/KEMET/view-part/?ref=snap"; VariantName = "[No Variations]"
Change component parameters (AddParameter): Name = "Value"; Value = ""; VariantName = "[No Variations]"
Change component parameters: Designator = "C?" ("C?"); Footprint = "CAPC1005X56X25LL10T15"; UniqueID = "\DKCMJQCS" ("\DKCMJQCS")
Change component parameters (AddParameter): Name = "Check_prices"; Value = "https://www.snapeda.com/parts/C320C104M5U5TA/KEMET/view-part/?ref=eda"; VariantName = "[No Variations]"
Change component parameters (AddParameter): Name = "MF"; Value = "KEMET"; VariantName = "[No Variations]"
Change component parameters (AddParameter): Name = "MP"; Value = "C320C104M5U5TA"; VariantName = "[No Variations]"
Change component parameters (AddParameter): Name = "Package"; Value = "Radial KEMET"; VariantName = "[No Variations]"
Change component parameters (AddParameter): Name = "SnapEDA_Link"; Value = "https://www.snapeda.com/parts/C320C104M5U5TA/KEMET/view-part/?ref=snap"; VariantName = "[No Variations]"
Change component parameters (AddParameter): Name = "Value"; Value = ""; VariantName = "[No Variations]"
Change component parameters: Designator = "C?" ("C?"); Footprint = "CAPC1005X56X25LL10T15"; UniqueID = "\ANXBSDQO" ("\ANXBSDQO")
Change component parameters (AddParameter): Name = "Check_prices"; Value = "https://www.snapeda.com/parts/C320C104M5U5TA/KEMET/view-part/?ref=eda"; VariantName = "[No Variations]"
Change component parameters (AddParameter): Name = "MF"; Value = "KEMET"; VariantName = "[No Variations]"
Change component parameters (AddParameter): Name = "MP"; Value = "C320C104M5U5TA"; VariantName = "[No Variations]"
Change component parameters (AddParameter): Name = "Package"; Value = "Radial KEMET"; VariantName = "[No Variations]"
Change component parameters (AddParameter): Name = "SnapEDA_Link"; Value = "https://www.snapeda.com/parts/C320C104M5U5TA/KEMET/view-part/?ref=snap"; VariantName = "[No Variations]"
Change component parameters (AddParameter): Name = "Value"; Value = ""; VariantName = "[No Variations]"
Change component parameters: Designator = "C?" ("C?"); Footprint = "CAPC1005X56X25LL10T15"; UniqueID = "\DTSUNODD" ("\DTSUNODD")
Change component parameters (AddParameter): Name = "Check_prices"; Value = "https://www.snapeda.com/parts/C320C104M5U5TA/KEMET/view-part/?ref=eda"; VariantName = "[No Variations]"
Change component parameters (AddParameter): Name = "MF"; Value = "KEMET"; VariantName = "[No Variations]"
Change component parameters (AddParameter): Name = "MP"; Value = "C320C104M5U5TA"; VariantName = "[No Variations]"
Change component parameters (AddParameter): Name = "Package"; Value = "Radial KEMET"; VariantName = "[No Variations]"
Change component parameters (AddParameter): Name = "SnapEDA_Link"; Value = "https://www.snapeda.com/parts/C320C104M5U5TA/KEMET/view-part/?ref=snap"; VariantName = "[No Variations]"
Change component parameters (AddParameter): Name = "Value"; Value = ""; VariantName = "[No Variations]"
Add component: Footprint Not Found LED_HDSP-523G
Added Component: Designator=R?(RESA60-630X240)
Add component (AddParameter): Name = "Case/Package"; Value = "Axial"; VariantName = "[No Variations]"
Add component (AddParameter): Name = "Datasheet URL"; Value = "http://www.yageo.com/documents/recent/Yageo%20LR_MFR_2013.pdf"; VariantName = "[No Variations]"
Add component (AddParameter): Name = "Datasheet Version"; Value = "Apr-13"; VariantName = "[No Variations]"
Add component (AddParameter): Name = "Manufacturer"; Value = "Yageo"; VariantName = "[No Variations]"
Add component (AddParameter): Name = "Manufacturer URL"; Value = "http://www.yageo.com/"; VariantName = "[No Variations]"
Add component (AddParameter): Name = "Max Operating Temperature"; Value = "155°C"; VariantName = "[No Variations]"
Add component (AddParameter): Name = "Min Operating Temperature"; Value = "-55°C"; VariantName = "[No Variations]"
Add component (AddParameter): Name = "Mounting Technology"; Value = "TH"; VariantName = "[No Variations]"
Add component (AddParameter): Name = "Package Description"; Value = "2-Pin Axial Lead, Dia 2.4 mm, Body Length 6.3 mm"; VariantName = "[No Variations]"
Add component (AddParameter): Name = "Package Quantity"; Value = "200"; VariantName = "[No Variations]"
Add component (AddParameter): Name = "Package Reference"; Value = "MFR-25"; VariantName = "[No Variations]"
Add component (AddParameter): Name = "Packaging"; Value = "Bulk"; VariantName = "[No Variations]"
Add component (AddParameter): Name = "Pins"; Value = ""; VariantName = "[No Variations]"
Add component (AddParameter): Name = "Power"; Value = "250mW"; VariantName = "[No Variations]"
Add component (AddParameter): Name = "RoHS Compliant"; Value = "True"; VariantName = "[No Variations]"
Add component (AddParameter): Name = "Tolerance"; Value = "1%"; VariantName = "[No Variations]"
Add component (AddParameter): Name = "Value"; Value = "475"; VariantName = "[No Variations]"
Add component (AddParameter): Name = "Voltage Rating"; Value = "250V"; VariantName = "[No Variations]"
Added Component: Designator=R?(RESA60-630X240)
Add component (AddParameter): Name = "Case/Package"; Value = "Axial"; VariantName = "[No Variations]"
Add component (AddParameter): Name = "Datasheet URL"; Value = "http://www.yageo.com/documents/recent/Yageo%20LR_MFR_2013.pdf"; VariantName = "[No Variations]"
Add component (AddParameter): Name = "Datasheet Version"; Value = "Apr-13"; VariantName = "[No Variations]"
Add component (AddParameter): Name = "Manufacturer"; Value = "Yageo"; VariantName = "[No Variations]"
Add component (AddParameter): Name = "Manufacturer URL"; Value = "http://www.yageo.com/"; VariantName = "[No Variations]"
Add component (AddParameter): Name = "Max Operating Temperature"; Value = "155°C"; VariantName = "[No Variations]"
Add component (AddParameter): Name = "Min Operating Temperature"; Value = "-55°C"; VariantName = "[No Variations]"
Add component (AddParameter): Name = "Mounting Technology"; Value = "TH"; VariantName = "[No Variations]"
Add component (AddParameter): Name = "Package Description"; Value = "2-Pin Axial Lead, Dia 2.4 mm, Body Length 6.3 mm"; VariantName = "[No Variations]"
Add component (AddParameter): Name = "Package Quantity"; Value = "200"; VariantName = "[No Variations]"
Add component (AddParameter): Name = "Package Reference"; Value = "MFR-25"; VariantName = "[No Variations]"
Add component (AddParameter): Name = "Packaging"; Value = "Bulk"; VariantName = "[No Variations]"
Add component (AddParameter): Name = "Pins"; Value = ""; VariantName = "[No Variations]"
Add component (AddParameter): Name = "Power"; Value = "250mW"; VariantName = "[No Variations]"
Add component (AddParameter): Name = "RoHS Compliant"; Value = "True"; VariantName = "[No Variations]"
Add component (AddParameter): Name = "Tolerance"; Value = "1%"; VariantName = "[No Variations]"
Add component (AddParameter): Name = "Value"; Value = "475"; VariantName = "[No Variations]"
Add component (AddParameter): Name = "Voltage Rating"; Value = "250V"; VariantName = "[No Variations]"
Added Component: Designator=R?(RESA60-630X240)
Add component (AddParameter): Name = "Case/Package"; Value = "Axial"; VariantName = "[No Variations]"
Add component (AddParameter): Name = "Datasheet URL"; Value = "http://www.yageo.com/documents/recent/Yageo%20LR_MFR_2013.pdf"; VariantName = "[No Variations]"
Add component (AddParameter): Name = "Datasheet Version"; Value = "Apr-13"; VariantName = "[No Variations]"
Add component (AddParameter): Name = "Manufacturer"; Value = "Yageo"; VariantName = "[No Variations]"
Add component (AddParameter): Name = "Manufacturer URL"; Value = "http://www.yageo.com/"; VariantName = "[No Variations]"
Add component (AddParameter): Name = "Max Operating Temperature"; Value = "155°C"; VariantName = "[No Variations]"
Add component (AddParameter): Name = "Min Operating Temperature"; Value = "-55°C"; VariantName = "[No Variations]"
Add component (AddParameter): Name = "Mounting Technology"; Value = "TH"; VariantName = "[No Variations]"
Add component (AddParameter): Name = "Package Description"; Value = "2-Pin Axial Lead, Dia 2.4 mm, Body Length 6.3 mm"; VariantName = "[No Variations]"
Add component (AddParameter): Name = "Package Quantity"; Value = "200"; VariantName = "[No Variations]"
Add component (AddParameter): Name = "Package Reference"; Value = "MFR-25"; VariantName = "[No Variations]"
Add component (AddParameter): Name = "Packaging"; Value = "Bulk"; VariantName = "[No Variations]"
Add component (AddParameter): Name = "Pins"; Value = ""; VariantName = "[No Variations]"
Add component (AddParameter): Name = "Power"; Value = "250mW"; VariantName = "[No Variations]"
Add component (AddParameter): Name = "RoHS Compliant"; Value = "True"; VariantName = "[No Variations]"
Add component (AddParameter): Name = "Tolerance"; Value = "1%"; VariantName = "[No Variations]"
Add component (AddParameter): Name = "Value"; Value = "475"; VariantName = "[No Variations]"
Add component (AddParameter): Name = "Voltage Rating"; Value = "250V"; VariantName = "[No Variations]"
Added Component: Designator=R?(RESA60-630X240)
Add component (AddParameter): Name = "Case/Package"; Value = "Axial"; VariantName = "[No Variations]"
Add component (AddParameter): Name = "Datasheet URL"; Value = "http://www.yageo.com/documents/recent/Yageo%20LR_MFR_2013.pdf"; VariantName = "[No Variations]"
Add component (AddParameter): Name = "Datasheet Version"; Value = "Apr-13"; VariantName = "[No Variations]"
Add component (AddParameter): Name = "Manufacturer"; Value = "Yageo"; VariantName = "[No Variations]"
Add component (AddParameter): Name = "Manufacturer URL"; Value = "http://www.yageo.com/"; VariantName = "[No Variations]"
Add component (AddParameter): Name = "Max Operating Temperature"; Value = "155°C"; VariantName = "[No Variations]"
Add component (AddParameter): Name = "Min Operating Temperature"; Value = "-55°C"; VariantName = "[No Variations]"
Add component (AddParameter): Name = "Mounting Technology"; Value = "TH"; VariantName = "[No Variations]"
Add component (AddParameter): Name = "Package Description"; Value = "2-Pin Axial Lead, Dia 2.4 mm, Body Length 6.3 mm"; VariantName = "[No Variations]"
Add component (AddParameter): Name = "Package Quantity"; Value = "200"; VariantName = "[No Variations]"
Add component (AddParameter): Name = "Package Reference"; Value = "MFR-25"; VariantName = "[No Variations]"
Add component (AddParameter): Name = "Packaging"; Value = "Bulk"; VariantName = "[No Variations]"
Add component (AddParameter): Name = "Pins"; Value = ""; VariantName = "[No Variations]"
Add component (AddParameter): Name = "Power"; Value = "250mW"; VariantName = "[No Variations]"
Add component (AddParameter): Name = "RoHS Compliant"; Value = "True"; VariantName = "[No Variations]"
Add component (AddParameter): Name = "Tolerance"; Value = "1%"; VariantName = "[No Variations]"
Add component (AddParameter): Name = "Value"; Value = "475"; VariantName = "[No Variations]"
Add component (AddParameter): Name = "Voltage Rating"; Value = "250V"; VariantName = "[No Variations]"
Added Component: Designator=R?(RESA60-630X240)
Add component (AddParameter): Name = "Case/Package"; Value = "Axial"; VariantName = "[No Variations]"
Add component (AddParameter): Name = "Datasheet URL"; Value = "http://www.yageo.com/documents/recent/Yageo%20LR_MFR_2013.pdf"; VariantName = "[No Variations]"
Add component (AddParameter): Name = "Datasheet Version"; Value = "Apr-13"; VariantName = "[No Variations]"
Add component (AddParameter): Name = "Manufacturer"; Value = "Yageo"; VariantName = "[No Variations]"
Add component (AddParameter): Name = "Manufacturer URL"; Value = "http://www.yageo.com/"; VariantName = "[No Variations]"
Add component (AddParameter): Name = "Max Operating Temperature"; Value = "155°C"; VariantName = "[No Variations]"
Add component (AddParameter): Name = "Min Operating Temperature"; Value = "-55°C"; VariantName = "[No Variations]"
Add component (AddParameter): Name = "Mounting Technology"; Value = "TH"; VariantName = "[No Variations]"
Add component (AddParameter): Name = "Package Description"; Value = "2-Pin Axial Lead, Dia 2.4 mm, Body Length 6.3 mm"; VariantName = "[No Variations]"
Add component (AddParameter): Name = "Package Quantity"; Value = "200"; VariantName = "[No Variations]"
Add component (AddParameter): Name = "Package Reference"; Value = "MFR-25"; VariantName = "[No Variations]"
Add component (AddParameter): Name = "Packaging"; Value = "Bulk"; VariantName = "[No Variations]"
Add component (AddParameter): Name = "Pins"; Value = ""; VariantName = "[No Variations]"
Add component (AddParameter): Name = "Power"; Value = "250mW"; VariantName = "[No Variations]"
Add component (AddParameter): Name = "RoHS Compliant"; Value = "True"; VariantName = "[No Variations]"
Add component (AddParameter): Name = "Tolerance"; Value = "1%"; VariantName = "[No Variations]"
Add component (AddParameter): Name = "Value"; Value = "475"; VariantName = "[No Variations]"
Add component (AddParameter): Name = "Voltage Rating"; Value = "250V"; VariantName = "[No Variations]"
Added Component: Designator=R?(RESA60-630X240)
Add component (AddParameter): Name = "Case/Package"; Value = "Axial"; VariantName = "[No Variations]"
Add component (AddParameter): Name = "Datasheet URL"; Value = "http://www.yageo.com/documents/recent/Yageo%20LR_MFR_2013.pdf"; VariantName = "[No Variations]"
Add component (AddParameter): Name = "Datasheet Version"; Value = "Apr-13"; VariantName = "[No Variations]"
Add component (AddParameter): Name = "Manufacturer"; Value = "Yageo"; VariantName = "[No Variations]"
Add component (AddParameter): Name = "Manufacturer URL"; Value = "http://www.yageo.com/"; VariantName = "[No Variations]"
Add component (AddParameter): Name = "Max Operating Temperature"; Value = "155°C"; VariantName = "[No Variations]"
Add component (AddParameter): Name = "Min Operating Temperature"; Value = "-55°C"; VariantName = "[No Variations]"
Add component (AddParameter): Name = "Mounting Technology"; Value = "TH"; VariantName = "[No Variations]"
Add component (AddParameter): Name = "Package Description"; Value = "2-Pin Axial Lead, Dia 2.4 mm, Body Length 6.3 mm"; VariantName = "[No Variations]"
Add component (AddParameter): Name = "Package Quantity"; Value = "200"; VariantName = "[No Variations]"
Add component (AddParameter): Name = "Package Reference"; Value = "MFR-25"; VariantName = "[No Variations]"
Add component (AddParameter): Name = "Packaging"; Value = "Bulk"; VariantName = "[No Variations]"
Add component (AddParameter): Name = "Pins"; Value = ""; VariantName = "[No Variations]"
Add component (AddParameter): Name = "Power"; Value = "250mW"; VariantName = "[No Variations]"
Add component (AddParameter): Name = "RoHS Compliant"; Value = "True"; VariantName = "[No Variations]"
Add component (AddParameter): Name = "Tolerance"; Value = "1%"; VariantName = "[No Variations]"
Add component (AddParameter): Name = "Value"; Value = "475"; VariantName = "[No Variations]"
Add component (AddParameter): Name = "Voltage Rating"; Value = "250V"; VariantName = "[No Variations]"
Added Component: Designator=R?(RESA60-630X240)
Add component (AddParameter): Name = "Case/Package"; Value = "Axial"; VariantName = "[No Variations]"
Add component (AddParameter): Name = "Datasheet URL"; Value = "http://www.yageo.com/documents/recent/Yageo%20LR_MFR_2013.pdf"; VariantName = "[No Variations]"
Add component (AddParameter): Name = "Datasheet Version"; Value = "Apr-13"; VariantName = "[No Variations]"
Add component (AddParameter): Name = "Manufacturer"; Value = "Yageo"; VariantName = "[No Variations]"
Add component (AddParameter): Name = "Manufacturer URL"; Value = "http://www.yageo.com/"; VariantName = "[No Variations]"
Add component (AddParameter): Name = "Max Operating Temperature"; Value = "155°C"; VariantName = "[No Variations]"
Add component (AddParameter): Name = "Min Operating Temperature"; Value = "-55°C"; VariantName = "[No Variations]"
Add component (AddParameter): Name = "Mounting Technology"; Value = "TH"; VariantName = "[No Variations]"
Add component (AddParameter): Name = "Package Description"; Value = "2-Pin Axial Lead, Dia 2.4 mm, Body Length 6.3 mm"; VariantName = "[No Variations]"
Add component (AddParameter): Name = "Package Quantity"; Value = "200"; VariantName = "[No Variations]"
Add component (AddParameter): Name = "Package Reference"; Value = "MFR-25"; VariantName = "[No Variations]"
Add component (AddParameter): Name = "Packaging"; Value = "Bulk"; VariantName = "[No Variations]"
Add component (AddParameter): Name = "Pins"; Value = ""; VariantName = "[No Variations]"
Add component (AddParameter): Name = "Power"; Value = "250mW"; VariantName = "[No Variations]"
Add component (AddParameter): Name = "RoHS Compliant"; Value = "True"; VariantName = "[No Variations]"
Add component (AddParameter): Name = "Tolerance"; Value = "1%"; VariantName = "[No Variations]"
Add component (AddParameter): Name = "Value"; Value = "475"; VariantName = "[No Variations]"
Add component (AddParameter): Name = "Voltage Rating"; Value = "250V"; VariantName = "[No Variations]"
Add component: Footprint Not Found SW_TL1105SPF160Q1RBLK
Add component: Footprint Not Found SOIC20_300MIL_MCH
Added Pin To Net: NetName=GND Pin=C?-1
Added Pin To Net: NetName=NetC?_1 Pin=C?-1
Add Pin To Net: Unknown Pin: Pin D1-1
Add Pin To Net: Unknown Pin: Pin D1-2
Add Pin To Net: Unknown Pin: Pin D1-3
Add Pin To Net: Unknown Pin: Pin D1-5
Add Pin To Net: Unknown Pin: Pin D1-6
Add Pin To Net: Unknown Pin: Pin D1-7
Add Pin To Net: Unknown Pin: Pin D1-8
Add Pin To Net: Unknown Pin: Pin D1-10
Add Pin To Net: Unknown Pin: Pin D1-12
Add Pin To Net: Unknown Pin: Pin D1-14
Add Pin To Net: Unknown Pin: Pin D1-15
Add Pin To Net: Unknown Pin: Pin D1-17
Add Pin To Net: Unknown Pin: Pin D1-18
Added Pin To Net: NetName=NetD1_14 Pin=Q?-3
Added Pin To Net: NetName=NetD1_1 Pin=R?-2
Added Pin To Net: NetName=NetD1_2 Pin=R?-2
Added Pin To Net: NetName=NetD1_3 Pin=R?-2
Added Pin To Net: NetName=NetD1_7 Pin=R?-2
Added Pin To Net: NetName=NetD1_10 Pin=R?-2
Added Pin To Net: NetName=NetD1_12 Pin=R?-2
Add Pin To Net: Unknown Pin: Pin S1-2
Add Pin To Net: Unknown Pin: Pin S1-4
Add Pin To Net: Unknown Pin: Pin U1-1
Add Pin To Net: Unknown Pin: Pin U1-16
Add Pin To Net: Unknown Pin: Pin U1-17
Add Pin To Net: Unknown Pin: Pin U1-18
Add Pin To Net: Unknown Pin: Pin U1-20
Add Net: Net with name "NetC?_1" already exists
Add Net: Net with name "NetC?_1" already exists
Added Pin To Net: NetName=NetC?_2 Pin=C?-2
Added Pin To Net: NetName=NetC?_2 Pin=SW1-1
Added Net: Name=NetC?_2
Added Pin To Net: NetName=NetD1_9 Pin=Q?-3
Added Net: Name=NetD1_9
Added Pin To Net: NetName=NetD1_11 Pin=R?-2
Added Net: Name=NetD1_11
Add Net: Net with name "NetQ?_2" already exists
Added Pin To Net: NetName=NetR?_1 Pin=R?-1
Added Net: Name=NetR?_1
Add Net: Net with name "NetR?_1" already exists
Add Net: Net with name "NetR?_1" already exists
Add Net: Net with name "NetR?_1" already exists
Add Net: Net with name "NetR?_1" already exists
Add Net: Net with name "NetR?_1" already exists
Add Net: Net with name "NetR?_1" already exists
Add Net: Net with name "NetR?_1" already exists
Add Net: Net with name "NetR?_1" already exists
Added Member To Class: ClassName=RepCounter Member=Component C? C320C104M5U5TA
Added Member To Class: ClassName=RepCounter Member=Component C? C320C104M5U5TA
Added Member To Class: ClassName=RepCounter Member=Component C? C320C104M5U5TA
Add Class Member: Failed to add class member : Component D1 HDSP-523G
Added Member To Class: ClassName=RepCounter Member=Component Q? PN2222ABU
Added Member To Class: ClassName=RepCounter Member=Component R? 1KR2J
Added Member To Class: ClassName=RepCounter Member=Component R? MFR-25FBF52-475R
Added Member To Class: ClassName=RepCounter Member=Component R? MFR-25FBF52-475R
Added Member To Class: ClassName=RepCounter Member=Component R? MFR-25FBF52-475R
Added Member To Class: ClassName=RepCounter Member=Component R? MFR-25FBF52-475R
Added Member To Class: ClassName=RepCounter Member=Component R? MFR-25FBF52-475R
Added Member To Class: ClassName=RepCounter Member=Component R? MFR-25FBF52-475R
Added Member To Class: ClassName=RepCounter Member=Component R? MFR-25FBF52-475R
Add Class Member: Failed to add class member : Component S1 TL1105SPF160Q1RBLK
Add Class Member: Failed to add class member : Component U1 ATTINY1616-SN
