Update Managed Component BT1 From CMP-002-00002-2[796136-1] To CMP-002-00002-2[796136-1] in RepCounter.SchDoc
Replace Part C1 C320C104M5U5TA in C:\Users\Public\Documents\Altium\RepCounterProject\RepCounter.SchDoc with C320C104M5U5TA from C320C104M5U5TA.IntLib
Replace Part C2 C320C104M5U5TA in C:\Users\Public\Documents\Altium\RepCounterProject\RepCounter.SchDoc with C320C104M5U5TA from C320C104M5U5TA.IntLib
Replace Part C3 C320C104M5U5TA in C:\Users\Public\Documents\Altium\RepCounterProject\RepCounter.SchDoc with C320C104M5U5TA from C320C104M5U5TA.IntLib
Replace Part C4 C320C104M5U5TA in C:\Users\Public\Documents\Altium\RepCounterProject\RepCounter.SchDoc with C320C104M5U5TA from C320C104M5U5TA.IntLib
Replace Part D1 HDSP-523G in C:\Users\Public\Documents\Altium\RepCounterProject\RepCounter.SchDoc with HDSP-523G from HDSP-523G.IntLib
Update Managed Component Hall From CMP-002-00026-2[B3P-VH(LF)(SN)] To CMP-002-00026-2[B3P-VH(LF)(SN)] in RepCounter.SchDoc
Update Managed Component Programmer From CMP-002-00026-2[B3P-VH(LF)(SN)] To CMP-002-00026-2[B3P-VH(LF)(SN)] in RepCounter.SchDoc
Update Managed Component Q? From CMP-013-00009-6[PN2222ABU] To CMP-013-00009-6[PN2222ABU] in RepCounter.SchDoc
Update Managed Component R1 From CMP-009-00056-4[MFR-25FBF52-475R] To CMP-009-00056-4[MFR-25FBF52-475R] in RepCounter.SchDoc
Update Managed Component R2 From CMP-009-00056-4[MFR-25FBF52-475R] To CMP-009-00056-4[MFR-25FBF52-475R] in RepCounter.SchDoc
Update Managed Component R3 From CMP-009-00056-4[MFR-25FBF52-475R] To CMP-009-00056-4[MFR-25FBF52-475R] in RepCounter.SchDoc
Update Managed Component R4 From CMP-009-00056-4[MFR-25FBF52-475R] To CMP-009-00056-4[MFR-25FBF52-475R] in RepCounter.SchDoc
Update Managed Component R5 From CMP-009-00056-4[MFR-25FBF52-475R] To CMP-009-00056-4[MFR-25FBF52-475R] in RepCounter.SchDoc
Update Managed Component R6 From CMP-009-00056-4[MFR-25FBF52-475R] To CMP-009-00056-4[MFR-25FBF52-475R] in RepCounter.SchDoc
Update Managed Component R7 From CMP-009-00056-4[MFR-25FBF52-475R] To CMP-009-00056-4[MFR-25FBF52-475R] in RepCounter.SchDoc
Update Managed Component R8 From CMP-009-00048-4[MFR-25FBF52-1K] To CMP-009-00048-4[MFR-25FBF52-1K] in RepCounter.SchDoc
Update Managed Component R9 From CMP-009-00048-4[MFR-25FBF52-1K] To CMP-009-00048-4[MFR-25FBF52-1K] in RepCounter.SchDoc
Update Managed Component R10 From CMP-009-00056-4[MFR-25FBF52-475R] To CMP-009-00056-4[MFR-25FBF52-475R] in RepCounter.SchDoc
Update Managed Component SW1 From CMP-011-00001-2[1825255-1] To CMP-011-00001-2[1825255-1] in RepCounter.SchDoc
Update Managed Component SW2 From CMP-011-00008-2[TL3342F160QG] To CMP-011-00008-2[TL3342F160QG] in RepCounter.SchDoc
