Change Component Footprint: Designator=Q1 Old Footprint=TO92 New Footprint=Copy of FAIR-TO-92
Change Component Footprint: Designator=Q2 Old Footprint=TO92 New Footprint=Copy of FAIR-TO-92
Change Component Comment : Designator=Q1 Old Comment=P2N2222A New Comment=PN2222ABU
Change Component Comment : Designator=Q2 Old Comment=P2N2222A New Comment=PN2222ABU
Change Managed Component Library Link : Designator=Q1 Old VaultGUID= New VaultGUID=43D47C76-E280-4ED1-B742-6076052723C0 Old ItemGUID= New ItemGUID=39B99953-939D-4B6E-A713-E3CD091E699B Old RevisionGUID= New RevisionGUID=d66e5ccd-2cf6-428a-9fe7-ee62b3eba205
Change Managed Component Library Link : Designator=Q2 Old VaultGUID= New VaultGUID=43D47C76-E280-4ED1-B742-6076052723C0 Old ItemGUID= New ItemGUID=39B99953-939D-4B6E-A713-E3CD091E699B Old RevisionGUID= New RevisionGUID=d66e5ccd-2cf6-428a-9fe7-ee62b3eba205
Change component parameters: Designator = "Q1" ("Q1"); Footprint = "TO92"; UniqueID = "\HHYOCONA" ("\HHYOCONA")
Change component parameters (AddParameter): Name = "Case/Package"; Value = "TO-226-3"; VariantName = "[No Variations]"
Change component parameters (AddParameter): Name = "Datasheet URL"; Value = "https://www.fairchildsemi.com/datasheets/PN/PN2222A.pdf"; VariantName = "[No Variations]"
Change component parameters (AddParameter): Name = "Datasheet Version"; Value = "Rev. 1.1.0, 07/2014"; VariantName = "[No Variations]"
Change component parameters (AddParameter): Name = "Elements"; Value = "1"; VariantName = "[No Variations]"
Change component parameters (AddParameter): Name = "Frequency"; Value = "300MHz"; VariantName = "[No Variations]"
Change component parameters (AddParameter): Name = "hFE Min"; Value = "100"; VariantName = "[No Variations]"
Change component parameters (AddParameter): Name = "Manufacturer"; Value = "Fairchild"; VariantName = "[No Variations]"
Change component parameters (AddParameter): Name = "Max Operating Temperature"; Value = "150°C"; VariantName = "[No Variations]"
Change component parameters (AddParameter): Name = "Min Operating Temperature"; Value = "-55°C"; VariantName = "[No Variations]"
Change component parameters (AddParameter): Name = "Mounting Technology"; Value = "TH"; VariantName = "[No Variations]"
Change component parameters (AddParameter): Name = "Nominal Dual Supply"; Value = ""; VariantName = "[No Variations]"
Change component parameters (AddParameter): Name = "Nominal Vgs"; Value = ""; VariantName = "[No Variations]"
Change component parameters (AddParameter): Name = "Package Description"; Value = "3-Pin Transistor Outline Package, Body Dia 4.79 mm, Pitch 1.27 mm"; VariantName = "[No Variations]"
Change component parameters (AddParameter): Name = "Package Quantity"; Value = "1000"; VariantName = "[No Variations]"
Change component parameters (AddParameter): Name = "Package Reference"; Value = "TO-92"; VariantName = "[No Variations]"
Change component parameters (AddParameter): Name = "Packaging"; Value = "Bulk"; VariantName = "[No Variations]"
Change component parameters (AddParameter): Name = "Pins"; Value = "3"; VariantName = "[No Variations]"
Change component parameters (AddParameter): Name = "Power"; Value = "625mW"; VariantName = "[No Variations]"
Change component parameters (AddParameter): Name = "RoHS Compliant"; Value = "True"; VariantName = "[No Variations]"
Change component parameters (AddParameter): Name = "Transistor Type"; Value = ""; VariantName = "[No Variations]"
Change component parameters (AddParameter): Name = "Vce Max"; Value = "1V"; VariantName = "[No Variations]"
Change component parameters (AddParameter): Name = "Vgs (Max)"; Value = ""; VariantName = "[No Variations]"
Change component parameters (AddParameter): Name = "Vgs(th) (Max) @ Id"; Value = ""; VariantName = "[No Variations]"
Change component parameters: Designator = "Q2" ("Q2"); Footprint = "TO92"; UniqueID = "\LXOZDJLP" ("\LXOZDJLP")
Change component parameters (AddParameter): Name = "Case/Package"; Value = "TO-226-3"; VariantName = "[No Variations]"
Change component parameters (AddParameter): Name = "Datasheet URL"; Value = "https://www.fairchildsemi.com/datasheets/PN/PN2222A.pdf"; VariantName = "[No Variations]"
Change component parameters (AddParameter): Name = "Datasheet Version"; Value = "Rev. 1.1.0, 07/2014"; VariantName = "[No Variations]"
Change component parameters (AddParameter): Name = "Elements"; Value = "1"; VariantName = "[No Variations]"
Change component parameters (AddParameter): Name = "Frequency"; Value = "300MHz"; VariantName = "[No Variations]"
Change component parameters (AddParameter): Name = "hFE Min"; Value = "100"; VariantName = "[No Variations]"
Change component parameters (AddParameter): Name = "Manufacturer"; Value = "Fairchild"; VariantName = "[No Variations]"
Change component parameters (AddParameter): Name = "Max Operating Temperature"; Value = "150°C"; VariantName = "[No Variations]"
Change component parameters (AddParameter): Name = "Min Operating Temperature"; Value = "-55°C"; VariantName = "[No Variations]"
Change component parameters (AddParameter): Name = "Mounting Technology"; Value = "TH"; VariantName = "[No Variations]"
Change component parameters (AddParameter): Name = "Nominal Dual Supply"; Value = ""; VariantName = "[No Variations]"
Change component parameters (AddParameter): Name = "Nominal Vgs"; Value = ""; VariantName = "[No Variations]"
Change component parameters (AddParameter): Name = "Package Description"; Value = "3-Pin Transistor Outline Package, Body Dia 4.79 mm, Pitch 1.27 mm"; VariantName = "[No Variations]"
Change component parameters (AddParameter): Name = "Package Quantity"; Value = "1000"; VariantName = "[No Variations]"
Change component parameters (AddParameter): Name = "Package Reference"; Value = "TO-92"; VariantName = "[No Variations]"
Change component parameters (AddParameter): Name = "Packaging"; Value = "Bulk"; VariantName = "[No Variations]"
Change component parameters (AddParameter): Name = "Pins"; Value = "3"; VariantName = "[No Variations]"
Change component parameters (AddParameter): Name = "Power"; Value = "625mW"; VariantName = "[No Variations]"
Change component parameters (AddParameter): Name = "RoHS Compliant"; Value = "True"; VariantName = "[No Variations]"
Change component parameters (AddParameter): Name = "Transistor Type"; Value = ""; VariantName = "[No Variations]"
Change component parameters (AddParameter): Name = "Vce Max"; Value = "1V"; VariantName = "[No Variations]"
Change component parameters (AddParameter): Name = "Vgs (Max)"; Value = ""; VariantName = "[No Variations]"
Change component parameters (AddParameter): Name = "Vgs(th) (Max) @ Id"; Value = ""; VariantName = "[No Variations]"
